C:\Users\aleks\Desktop\SI_2021_lab1_193147>git init
Initialized empty Git repository in C:/Users/aleks/Desktop/SI_2021_lab1_193147/.git/

C:\Users\aleks\Desktop\SI_2021_lab1_193147>git remote add origin git@github.com:dogsiskela/SI_2021_lab1_193147.git

C:\Users\aleks\Desktop\SI_2021_lab1_193147>git add .

C:\Users\aleks\Desktop\SI_2021_lab1_193147>git commit -m "Add numbers from 1-5"
[master (root-commit) f0d9e01] Add numbers from 1-5
 1 file changed, 5 insertions(+)
 create mode 100644 numbers.txt

C:\Users\aleks\Desktop\SI_2021_lab1_193147>git commit -m "Add numbers from 6-9"
On branch master
Changes not staged for commit:
  (use "git add <file>..." to update what will be committed)
  (use "git restore <file>..." to discard changes in working directory)
        modified:   numbers.txt

no changes added to commit (use "git add" and/or "git commit -a")

C:\Users\aleks\Desktop\SI_2021_lab1_193147>git add .

C:\Users\aleks\Desktop\SI_2021_lab1_193147>git commit -m "Add numbers from 6-9"
[master 7696082] Add numbers from 6-9
 1 file changed, 5 insertions(+), 1 deletion(-)

C:\Users\aleks\Desktop\SI_2021_lab1_193147>git add .

C:\Users\aleks\Desktop\SI_2021_lab1_193147>git commit -m "Add some words"
[master 67867d6] Add some words
 1 file changed, 4 insertions(+), 1 deletion(-)
 
 
 
 Git merge iskoristiv za branch1 a za branch2 iskoristiv rebase i imase merge conflicts, go ostaviv kodot sto si bese vo master

